C51 COMPILER V9.05   NOTE                                                                  07/21/2016 06:12:38 PAGE 1   


C51 COMPILER V9.05, COMPILATION OF MODULE NOTE
OBJECT MODULE PLACED IN note.OBJ
COMPILER INVOKED BY: C:\Keil\C51\BIN\C51.EXE note.c BROWSE DEBUG OBJECTEXTEND

line level    source

   1          #include<reg51.h>
   2          #include<delay.h>
   3          #define S P1
   4          //#define R P0
   5          #define on 0
   6          #define off 1
   7          sbit relay=P0^1;
   8          sbit s1=P3^0;
   9          sbit s2=P3^1;
  10          sbit s3=P3^2;
  11          sbit E1=P3^3;
  12          sbit E2=P3^4;
  13          unsigned char A[10]={0X81,0XB7,0XC2,0X92,0XB4,0X98,0X88,0XB3,0X80,0XB0};
  14          void main()
  15          {
  16   1      bit f;
  17   1      signed char o,t,a,b,c;
  18   1      P0=0;
  19   1      while(1)
  20   1      {
  21   2      if(s1==on)
  22   2              {
  23   3              o++;              
  24   3          if(o>9)
  25   3                      {
  26   4                      t++;
  27   4                      o=0;
  28   4                      if(t>9)
  29   4                              {
  30   5                              t=0;
  31   5                              }
  32   4                      }
  33   3              while(s1==on)
  34   3              {
  35   4      
  36   4      E1=on;          
  37   4      E2=off;
  38   4      S=A[o];
  39   4      ms_delay(10);
  40   4      E1=off;
  41   4      E2=on;
  42   4      S=A[t];
  43   4      ms_delay(10);
  44   4      }
  45   3      f=on;
  46   3              }
  47   2              if(s2==on)
  48   2              {
  49   3              o--;              
  50   3          if(o<0)
  51   3                      {
  52   4                      t--;
  53   4                      o=9;
  54   4                      if(t<0)
  55   4                              {
C51 COMPILER V9.05   NOTE                                                                  07/21/2016 06:12:38 PAGE 2   

  56   5                              t=9;
  57   5                              }
  58   4                      }
  59   3              while(s2==on)
  60   3              {
  61   4              
  62   4      E1=on;          
  63   4      E2=off;
  64   4      S=A[o];
  65   4      ms_delay(10);
  66   4      E1=off;
  67   4      E2=on;
  68   4      S=A[t];
  69   4      ms_delay(10);
  70   4      } 
  71   3      f=off;
  72   3              }
  73   2      E1=on;          
  74   2      E2=off;
  75   2      S=A[o];
  76   2      ms_delay(10);
  77   2      E1=off;
  78   2      E2=on;
  79   2      S=A[t];
  80   2      ms_delay(10);
  81   2      
  82   2      
  83   2              if(s3==on)
  84   2          {
  85   3              if(f==on)
  86   3              {
  87   4              for(c=t;c<10;c++)
  88   4              {
  89   5              for(b=o;b<10;b++)
  90   5              {
  91   6              for(a=0;a<50;a++)
  92   6              {       
  93   7      E1=on;          
  94   7      E2=off;
  95   7      S=A[b];
  96   7      ms_delay(10);
  97   7      E1=off;
  98   7      E2=on;
  99   7      S=A[c];
 100   7      ms_delay(10);
 101   7      }
 102   6      }
 103   5      o=0;
 104   5      }
 105   4      t=0;
 106   4      }
 107   3      else
 108   3      {
 109   4              for(c=t;c>=0;c--)
 110   4              {
 111   5              for(b=o;b>=0;b--)
 112   5              {
 113   6              for(a=0;a<50;a++)
 114   6              {       
 115   7      E1=on;          
 116   7      E2=off;
 117   7      S=A[b];
C51 COMPILER V9.05   NOTE                                                                  07/21/2016 06:12:38 PAGE 3   

 118   7      ms_delay(10);
 119   7      E1=off;
 120   7      E2=on;
 121   7      S=A[c];
 122   7      ms_delay(10);
 123   7      }
 124   6      }
 125   5      o=9;
 126   5      }
 127   4      t=9;
 128   4      
 129   4      }
 130   3      relay=1;
 131   3      P1=0xfe;
 132   3      while(1)
 133   3      {
 134   4      E1=E2=0;
 135   4      P1=P1<<1;
 136   4      secdelay(1);
 137   4      }
 138   3      }
 139   2      }
 140   1      }


MODULE INFORMATION:   STATIC OVERLAYABLE
   CODE SIZE        =    367    ----
   CONSTANT SIZE    =   ----    ----
   XDATA SIZE       =   ----    ----
   PDATA SIZE       =   ----    ----
   DATA SIZE        =     10       4
   IDATA SIZE       =   ----    ----
   BIT SIZE         =   ----       1
END OF MODULE INFORMATION.


C51 COMPILATION COMPLETE.  0 WARNING(S),  0 ERROR(S)
